[learn.supporthives.com/monkvyasa/index.html]
[learn.supporthives.com/monkvyasa/astrologers.html]
[learn.supporthives.com/monkvyasa/users/login.html]
[learn.supporthives.com/monkvyasa/users/registration.html]
[learn.supporthives.com/monkvyasa/profile]
[learn.supporthives.com/monkvyasa/my_reports]
[learn.supporthives.com/monkvyasa/my_calls]
[learn.supporthives.com/monkvyasa/my_chats]
[learn.supporthives.com/monkvyasa/my_wallet]
[backblue.gif]
[fade.gif]
[index.html]
[code.jquery.com/jquery-3.2.1.slim.min.js]
[cdnjs.cloudflare.com/ajax/libs/popper.js/1.12.9/umd/popper.min.js]
[learn.supporthives.com/monkvyasa/public/assets/monk-vyasa/js/dist/slotmachine.js]
[learn.supporthives.com/monkvyasa/public/assets/monk-vyasa/js/dist/jquery.slotmachine.js]
[cdnjs.cloudflare.com/ajax/libs/highlight.js/9.12.0/highlight.min.js]
[cdnjs.cloudflare.com/ajax/libs/highlight.js/9.12.0/languages/javascript.min.js]
[learn.supporthives.com/monkvyasa/public/uploads/all/bKs7sq4aSjlTqeSt0bp0ajsk9NenF8NK7nOd7EVh.png]
[pro.fontawesome.com/releases/v5.10.0/css/all.css]
[certify-js.alexametrics.com/atrk.js]
[certify.alexametrics.com/atrk1772.gif]
[learn.supporthives.com/monkvyasa/aboutus.html]
[learn.supporthives.com/monkvyasa/blog.html]
[learn.supporthives.com/monkvyasa/contactus.html]
[learn.supporthives.com/monkvyasa/index-2.html]
[learn.supporthives.com/monkvyasa/public/assets/monk-vyasa/img/Linked IN.png]
[learn.supporthives.com/monkvyasa/public/assets/monk-vyasa/img/instagram.png]
[unpkg.com/@lottiefiles/lottie-player@latest/dist/lottie-player.25.delayed]
[unpkg.com/@lottiefiles/lottie-player@1.5.7/dist/lottie-player.js]
[learn.supporthives.com/monkvyasa/public/assets/monk-vyasa/js/home-animation.json]
[learn.supporthives.com/monkvyasa/transparent]
[learn.supporthives.com/monkvyasa/public/assets/monk-vyasa/img/Homepage-Red-Moon.mp4]
[learn.supporthives.com/monkvyasa/public/assets/monk-vyasa/img/astrology-left-img.png]
[www.api.monkvyasa.com/assets/uploads/user/avatar/ashish.2b.delayed]
[learn.supporthives.com/monkvyasa/public/assets/monk-vyasa/img/star-golden.png]
[learn.supporthives.com/monkvyasa/public/assets/monk-vyasa/img/star-grey.png]
[learn.supporthives.com/monkvyasa/public/assets/monk-vyasa/img/Vector.png]
[www.api.monkvyasa.com/assets/uploads/user/avatar/dr-pooja-bhatia.jpg]
[www.api.monkvyasa.com/assets/uploads/user/avatar/dr-krishnendu.jpg]
[learn.supporthives.com/monkvyasa/public/assets/monk-vyasa/img/iPhone-XS-img.png]
[learn.supporthives.com/monkvyasa/public/uploads/all/ktK3INeaF6rLTMq30cMRNowNlS4hPcerlIahmH4v.png]
[learn.supporthives.com/monkvyasa/blog/how-to-use-astrology-to-improve-your-luck-in-life-.html]
[learn.supporthives.com/monkvyasa/public/uploads/all/9GP4Adom51yU2hIGJAYuskKHyjstTbgltfGdlAxB.png]
[learn.supporthives.com/monkvyasa/blog/monthly-capricorn-horoscope.html]
[learn.supporthives.com/monkvyasa/public/uploads/all/CqLEhxRbbCz3You9wXwqXh9V71wrdCFLfHC2Nt0r.png]
[learn.supporthives.com/monkvyasa/blog/animals-and-astrology.html]
[learn.supporthives.com/monkvyasa/public/uploads/all/LDG85ZQJtOnp7s31yxEovwgmEsjRe9GV24BEiYUD.png]
[learn.supporthives.com/monkvyasa/blog/monthly-libra-horoscope-.html]
[learn.supporthives.com/monkvyasa/public/uploads/all/LmpBSBQPudQwcXCMx175cVZKiHynwKpR79yzH4sA.png]
[learn.supporthives.com/monkvyasa/public/uploads/all/wlH4BIChgqiFfXMBA3T0UIO9zpFOsqjWeQNZCJHy.png]
[learn.supporthives.com/monkvyasa/blog/the-power-of-gemstones.html]
[learn.supporthives.com/monkvyasa/blog/monthly-taurus-horoscope.html]
[learn.supporthives.com/monkvyasa/public/uploads/all/NQ3XrFaoG7rK7qoFp3WU2gsxr4rn63kAM9OBXBat.png]
[learn.supporthives.com/monkvyasa/public/uploads/all/zgQPyvuU1MhFYCscOYGaJKWQWPiyxFhQL329jlbj.png]
[learn.supporthives.com/monkvyasa/blog/how-the-full-moon-can-affect-you.html]
[learn.supporthives.com/monkvyasa/blog/monthly-scorpio-horoscope.html]
[learn.supporthives.com/monkvyasa/public/uploads/all/AvgoSOyMrGThxfxrdTK5Qr6tIGNdV1WKHr54cImL.png]
[learn.supporthives.com/monkvyasa/blog/how-does-palm-reading-work.html]
[learn.supporthives.com/monkvyasa/blog/monthly-gemini-horoscope.html]
[learn.supporthives.com/monkvyasa/public/uploads/all/oKK1rBREKP1INVPG0YMWkftEL9oheoXrHHypoO7d.png]
[learn.supporthives.com/monkvyasa/blog/three-ways-tarot-card-readings-could-help-you-.html]
[learn.supporthives.com/monkvyasa/public/uploads/all/7uc23nvlOfgpKmKsZlxTldwNg55fLXup1EMNNfj5.png]
[learn.supporthives.com/monkvyasa/blog/monthly-virgo-horoscope.html]
[learn.supporthives.com/monkvyasa/public/assets/monk-vyasa/img/amulet-sub.png]
[learn.supporthives.com/monkvyasa/terms.html]
[learn.supporthives.com/monkvyasa/privacypolicy.html]
[learn.supporthives.com/monkvyasa/public/assets/js/vendors.js]
[learn.supporthives.com/monkvyasa/public/assets/js/aiz-core.js]
[learn.supporthives.com/monkvyasa/public/assets/monk-vyasa/leap-assets/assets/js/jquery.min.js]
[learn.supporthives.com/monkvyasa/public/assets/monk-vyasa/leap-assets/assets/js/popper.min.js]
[learn.supporthives.com/monkvyasa/public/assets/monk-vyasa/leap-assets/assets/js/bootstrap.js]
[learn.supporthives.com/monkvyasa/category/nav-element-list]
[learn.supporthives.com/monkvyasa/language]
[learn.supporthives.com/monkvyasa/currency]
[learn.supporthives.com/monkvyasa/ajax-search]
[learn.supporthives.com/monkvyasa/cart/removeFromCart]
[learn.supporthives.com/monkvyasa/compare/addToCompare]
[learn.supporthives.com/monkvyasa/cart/show-cart-modal]
[learn.supporthives.com/monkvyasa/cart.html]
[learn.supporthives.com/monkvyasa/purchase_history/details.62.delayed]
[learn.supporthives.com/monkvyasa/public/assets/monk-vyasa/leap-assets/assets/js/flickity.pkgd.min.js]
[learn.supporthives.com/monkvyasa/request/astrodetails]
[learn.supporthives.com/monkvyasa/request/call]
[learn.supporthives.com/monkvyasa/request/book_report]
[learn.supporthives.com/monkvyasa/index.html]
[learn.supporthives.com/monkvyasa/public/assets/monk-vyasa/img/Animation - Desktop - Our Astrologers.mp4]
[learn.supporthives.com/monkvyasa/public/assets/monk-vyasa/img/Animation - Mobile - Our Astrologers.mp4]
[learn.supporthives.com/monkvyasa/public/assets/monk-vyasa/img/tur.png]
[learn.supporthives.com/monkvyasa/public/assets/monk-vyasa/img/search.png]
[learn.supporthives.com/monkvyasa/public/assets/astro/images/avatar/aaaaaaaa.jpg]
[learn.supporthives.com/monkvyasa/public/assets/monk-vyasa/img/line.png]
[learn.supporthives.com/monkvyasa/public/assets/astro/images/avatar/self_may_2015_four.jpg]
[learn.supporthives.com/monkvyasa/public/assets/astro/images/avatar/image_01-1.jpg]
[learn.supporthives.com/monkvyasa/public/assets/astro/images/avatar/yamini1546695287.jpg]
[learn.supporthives.com/monkvyasa/public/assets/astro/images/avatar/dr-krishnendu.jpg]
[learn.supporthives.com/monkvyasa/public/assets/astro/images/avatar/dr-ritwij.jpg]
[learn.supporthives.com/monkvyasa/public/assets/astro/images/avatar/prajish1.jpg]
[learn.supporthives.com/monkvyasa/public/assets/astro/images/avatar/bhikaji1.jpg]
[learn.supporthives.com/monkvyasa/public/assets/astro/images/avatar/sunil-bhardwaj1485499530.jpg]
[learn.supporthives.com/monkvyasa/public/assets/astro/images/avatar/poonam-sharma1489599827.jpg]
[learn.supporthives.com/monkvyasa/public/assets/astro/images/avatar/udaybhan.jpg]
[learn.supporthives.com/monkvyasa/public/assets/astro/images/avatar/pradeep-kumar-tiwari1491890103.jpg]
[learn.supporthives.com/monkvyasa/astrologers4658.html]
[learn.supporthives.com/monkvyasa/astrologers9ba9.html]
[learn.supporthives.com/monkvyasa/astrologersfdb0.html]
[learn.supporthives.com/monkvyasa/request/chat]
[learn.supporthives.com/monkvyasa/astrologers.html]
[learn.supporthives.com/monkvyasa/users/index.html]
[learn.supporthives.com/monkvyasa/password/reset.html]
[learn.supporthives.com/monkvyasa/public/assets/monk-vyasa/img/login-left-img.png]
[learn.supporthives.com/monkvyasa/public/assets/monk-vyasa/img/Login-Shell.mp4]
[learn.supporthives.com/monkvyasa/users/login.html]
[learn.supporthives.com/monkvyasa/public/assets/monk-vyasa/img/Register-Jar.mp4]
[learn.supporthives.com/monkvyasa/users/registration.html]
[learn.supporthives.com/monkvyasa/public/assets/monk-vyasa/js/dist/jquery.slotmachine.css]
[learn.supporthives.com/monkvyasa/public/assets/fonts/la-brands-400.eot]
[learn.supporthives.com/monkvyasa/public/assets/fonts/la-brands-400d41d.eot]
[learn.supporthives.com/monkvyasa/public/assets/fonts/la-brands-400.woff2]
[learn.supporthives.com/monkvyasa/public/assets/fonts/la-brands-400.woff]
[learn.supporthives.com/monkvyasa/public/assets/fonts/la-brands-400.ttf]
[learn.supporthives.com/monkvyasa/public/assets/fonts/la-regular-400.eot]
[learn.supporthives.com/monkvyasa/public/assets/fonts/la-regular-400d41d.eot]
[learn.supporthives.com/monkvyasa/public/assets/fonts/la-regular-400.woff2]
[learn.supporthives.com/monkvyasa/public/assets/fonts/la-regular-400.woff]
[learn.supporthives.com/monkvyasa/public/assets/fonts/la-regular-400.ttf]
[learn.supporthives.com/monkvyasa/public/assets/fonts/la-solid-900.eot]
[learn.supporthives.com/monkvyasa/public/assets/fonts/la-solid-900d41d.eot]
[learn.supporthives.com/monkvyasa/public/assets/fonts/la-solid-900.woff2]
[learn.supporthives.com/monkvyasa/public/assets/fonts/la-solid-900.woff]
[learn.supporthives.com/monkvyasa/public/assets/fonts/la-solid-900.ttf]
[learn.supporthives.com/monkvyasa/public/assets/css/font/summernote.eot]
[learn.supporthives.com/monkvyasa/public/assets/css/font/summernoted41d.eot]
[learn.supporthives.com/monkvyasa/public/assets/css/font/summernote.woff2]
[learn.supporthives.com/monkvyasa/public/assets/css/font/summernote.woff]
[learn.supporthives.com/monkvyasa/public/assets/css/font/summernote.ttf]
[learn.supporthives.com/monkvyasa/public/assets/img/flags.png]
[learn.supporthives.com/monkvyasa/public/assets/img/flags@2x.png]
[learn.supporthives.com/monkvyasa/public/assets/css/vendors.css]
[learn.supporthives.com/monkvyasa/public/assets/monk-vyasa/css/bootstrap.min.css]
[learn.supporthives.com/monkvyasa/public/assets/monk-vyasa/leap-assets/assets/fonts/Inter-UI-upright.var.woff2]
[learn.supporthives.com/monkvyasa/public/assets/monk-vyasa/leap-assets/assets/fonts/Inter-UI-Regular.woff2]
[learn.supporthives.com/monkvyasa/public/assets/monk-vyasa/leap-assets/assets/fonts/Inter-UI-Regular.woff]
[learn.supporthives.com/monkvyasa/public/assets/monk-vyasa/leap-assets/assets/fonts/Inter-UI.var.woff2]
[learn.supporthives.com/monkvyasa/public/assets/monk-vyasa/leap-assets/assets/fonts/Inter-UI-Italic.woff2]
[learn.supporthives.com/monkvyasa/public/assets/monk-vyasa/leap-assets/assets/fonts/Inter-UI-Italic.woff]
[learn.supporthives.com/monkvyasa/public/assets/monk-vyasa/leap-assets/assets/fonts/Inter-UI-Medium.woff2]
[learn.supporthives.com/monkvyasa/public/assets/monk-vyasa/leap-assets/assets/fonts/Inter-UI-Medium.woff]
[learn.supporthives.com/monkvyasa/public/assets/monk-vyasa/leap-assets/assets/fonts/Inter-UI-MediumItalic.woff2]
[learn.supporthives.com/monkvyasa/public/assets/monk-vyasa/leap-assets/assets/fonts/Inter-UI-MediumItalic.woff]
[learn.supporthives.com/monkvyasa/public/assets/monk-vyasa/leap-assets/assets/fonts/Inter-UI-Bold.woff2]
[learn.supporthives.com/monkvyasa/public/assets/monk-vyasa/leap-assets/assets/fonts/Inter-UI-Bold.woff]
[learn.supporthives.com/monkvyasa/public/assets/monk-vyasa/leap-assets/assets/css/theme.css]
[learn.supporthives.com/monkvyasa/public/assets/monk-vyasa/fonts/Inter-Regular.ttf]
[learn.supporthives.com/monkvyasa/public/assets/monk-vyasa/fonts/Inter-Bold.ttf]
[learn.supporthives.com/monkvyasa/public/assets/monk-vyasa/fonts/Inter-ExtraBold.ttf]
[learn.supporthives.com/monkvyasa/public/assets/monk-vyasa/fonts/Inter-ExtraLight.ttf]
[learn.supporthives.com/monkvyasa/public/assets/monk-vyasa/fonts/Inter-Light.ttf]
[learn.supporthives.com/monkvyasa/public/assets/monk-vyasa/fonts/Inter-Medium.ttf]
[learn.supporthives.com/monkvyasa/public/assets/monk-vyasa/fonts/Inter-SemiBold.ttf]
[learn.supporthives.com/monkvyasa/public/assets/monk-vyasa/fonts/Inter-Thin.ttf]
[learn.supporthives.com/monkvyasa/public/assets/monk-vyasa/fonts/Inter-Black.ttf]
[learn.supporthives.com/monkvyasa/public/assets/monk-vyasa/fonts/Butler_Regular.woff]
[learn.supporthives.com/monkvyasa/public/assets/monk-vyasa/fonts/Butler_Ultra_Light.woff]
[learn.supporthives.com/monkvyasa/public/assets/monk-vyasa/fonts/Butler_Light.woff]
[learn.supporthives.com/monkvyasa/public/assets/monk-vyasa/fonts/Butler_Medium.woff]
[learn.supporthives.com/monkvyasa/public/assets/monk-vyasa/fonts/Butler_Bold.woff]
[learn.supporthives.com/monkvyasa/public/assets/monk-vyasa/fonts/Butler_ExtraBold.woff]
[learn.supporthives.com/monkvyasa/public/assets/monk-vyasa/fonts/Butler_Black.woff]
[learn.supporthives.com/monkvyasa/public/assets/monk-vyasa/fonts/Tahu!.ttf]
[learn.supporthives.com/monkvyasa/public/assets/monk-vyasa/img/mobile_headerbg.jpg]
[learn.supporthives.com/monkvyasa/public/assets/monk-vyasa/img/bg-card.png]
[learn.supporthives.com/monkvyasa/public/assets/monk-vyasa/img/footer_desktop.png]
[learn.supporthives.com/monkvyasa/public/assets/monk-vyasa/css/custom-purav.css]
[learn.supporthives.com/monkvyasa/public/assets/monk-vyasa/fonts/Butler_Medium.woff2]
[learn.supporthives.com/monkvyasa/public/assets/monk-vyasa/fonts/Butler_Light.woff2]
[learn.supporthives.com/monkvyasa/public/assets/monk-vyasa/fonts/Butler_Black.woff2]
[learn.supporthives.com/monkvyasa/public/assets/monk-vyasa/fonts/Butler_Bold.woff2]
[learn.supporthives.com/monkvyasa/public/assets/monk-vyasa/fonts/Tahu!.woff]
[learn.supporthives.com/monkvyasa/public/assets/monk-vyasa/img/btn-bg.png]
[learn.supporthives.com/monkvyasa/public/assets/monk-vyasa/img/hero-banner.jpg]
[learn.supporthives.com/monkvyasa/public/assets/monk-vyasa/img/Astrologer-card-bg.jpg]
[learn.supporthives.com/monkvyasa/public/assets/monk-vyasa/img/century-sec-bg.jpg]
[learn.supporthives.com/monkvyasa/public/assets/monk-vyasa/img/subscrrib-bg-img.jpg]
[learn.supporthives.com/monkvyasa/public/assets/monk-vyasa/img/Sun-R.png]
[learn.supporthives.com/monkvyasa/public/assets/monk-vyasa/img/Sun-L.png]
[learn.supporthives.com/monkvyasa/public/assets/monk-vyasa/img/contact-left-bg.png]
[learn.supporthives.com/monkvyasa/public/assets/monk-vyasa/img/hero-banner-mo.jpg]
[learn.supporthives.com/monkvyasa/public/assets/monk-vyasa/img/astrology-img-bg-mo.png]
[learn.supporthives.com/monkvyasa/public/assets/monk-vyasa/img/century-sec-bg-mo.jpg]
[learn.supporthives.com/monkvyasa/public/assets/monk-vyasa/img/Sun-R-mo.png]
[learn.supporthives.com/monkvyasa/public/assets/monk-vyasa/img/left-cloud.png]
[learn.supporthives.com/monkvyasa/public/assets/monk-vyasa/img/right-cloud.png]
[learn.supporthives.com/monkvyasa/public/assets/monk-vyasa/css/custom-vijay.css]
[learn.supporthives.com/monkvyasa/public/assets/monk-vyasa/css/custom-sunil.css]
[learn.supporthives.com/monkvyasa/public/assets/monk-vyasa/img/top-left-panel.png]
[learn.supporthives.com/monkvyasa/public/assets/monk-vyasa/img/top-right-panel.png]
[learn.supporthives.com/monkvyasa/public/assets/monk-vyasa/img/bottom-left-panel.png]
[learn.supporthives.com/monkvyasa/public/assets/monk-vyasa/img/bottom-right-panel.png]
[learn.supporthives.com/monkvyasa/public/assets/monk-vyasa/img/A-top-arr.png]
[learn.supporthives.com/monkvyasa/public/assets/monk-vyasa/img/cloud-left.png]
[learn.supporthives.com/monkvyasa/public/assets/monk-vyasa/img/cloud-right.png]
[learn.supporthives.com/monkvyasa/public/assets/monk-vyasa/img/bg-dark-blue.jpg]
[learn.supporthives.com/monkvyasa/public/assets/monk-vyasa/img/Aquarius.png]
[learn.supporthives.com/monkvyasa/public/assets/monk-vyasa/img/f-one-right.png]
[learn.supporthives.com/monkvyasa/public/assets/monk-vyasa/img/f-two.png]
[learn.supporthives.com/monkvyasa/public/assets/monk-vyasa/img/current.png]
[learn.supporthives.com/monkvyasa/public/assets/monk-vyasa/img/f-four.png]
[learn.supporthives.com/monkvyasa/public/assets/monk-vyasa/img/f-five.png]
[learn.supporthives.com/monkvyasa/public/assets/monk-vyasa/img/Center.png]
[learn.supporthives.com/monkvyasa/public/assets/monk-vyasa/img/n-c.png]
[learn.supporthives.com/monkvyasa/public/assets/monk-vyasa/img/mob-cen.png]
[learn.supporthives.com/monkvyasa/public/assets/monk-vyasa/css/custom-aldair.css]
[pro.fontawesome.com/releases/v5.10.0/css/all.css]
[learn.supporthives.com/monkvyasa/public/assets/monk-vyasa/img/abt-footer-bg.png]
[learn.supporthives.com/monkvyasa/public/assets/monk-vyasa/img/Sun.png]
[learn.supporthives.com/monkvyasa/public/assets/monk-vyasa/img/head-logo-abt.png]
[learn.supporthives.com/monkvyasa/public/assets/monk-vyasa/img/foot-logo-abt.png]
[learn.supporthives.com/monkvyasa/aboutus.html]
[learn.supporthives.com/monkvyasa/public/assets/monk-vyasa/img/latest_img.mp4]
[learn.supporthives.com/monkvyasa/public/assets/monk-vyasa/img/latest_img-mo.mp4]
[learn.supporthives.com/monkvyasa/blog.html]
[learn.supporthives.com/monkvyasa/public/assets/monk-vyasa/img/contact-img-bg.png]
[learn.supporthives.com/monkvyasa/public/assets/monk-vyasa/img/contact-img-mo.png]
[learn.supporthives.com/monkvyasa/contactus.html]
[learn.supporthives.com/monkvyasa/public/assets/monk-vyasa/img/logo_desktop.svg]
[learn.supporthives.com/monkvyasa/public/assets/monk-vyasa/img/left-moon.svg]
[learn.supporthives.com/monkvyasa/public/assets/monk-vyasa/img/right-moon.svg]
[learn.supporthives.com/monkvyasa/index-2.html]
[learn.supporthives.com/monkvyasa/public/assets/monk-vyasa/img/mobile_logo.svg]
[learn.supporthives.com/monkvyasa/public/assets/monk-vyasa/img/facebook_logo.svg]
[learn.supporthives.com/monkvyasa/transparent.html]
[www.api.monkvyasa.com/assets/uploads/user/avatar/ashish.html]
[learn.supporthives.com/monkvyasa/public/assets/monk-vyasa/img/book.svg]
[learn.supporthives.com/monkvyasa/public/assets/monk-vyasa/img/translate.svg]
[learn.supporthives.com/monkvyasa/public/assets/monk-vyasa/img/call_icon.svg]
[learn.supporthives.com/monkvyasa/public/assets/monk-vyasa/img/pending_actions.svg]
[learn.supporthives.com/monkvyasa/public/assets/monk-vyasa/img/chat_icon.svg]
[learn.supporthives.com/monkvyasa/public/assets/monk-vyasa/img/play-store-img.svg]
[learn.supporthives.com/monkvyasa/blogd57f.html]
[learn.supporthives.com/monkvyasa/blog/index.html]
[unpkg.com/flickity@2/dist/flickity.min.f3.delayed]
[unpkg.com/flickity@2.3.0/dist/flickity.min.css]
[learn.supporthives.com/monkvyasa/public/uploads/all/liOuF6sf0YrFdHP4OydOWamkNjRuq6LeXVEkjpHy.png]
[learn.supporthives.com/monkvyasa/public/assets/monk-vyasa/img/blog_img.png]
[unpkg.com/flickity@2/dist/flickity.pkgd.min.f8.delayed]
[learn.supporthives.com/monkvyasa/blog/how-to-use-astrology-to-improve-your-luck-in-life-.html]
[unpkg.com/flickity@2.3.0/dist/flickity.pkgd.min.js]
[learn.supporthives.com/monkvyasa/blog469d.html]
[learn.supporthives.com/monkvyasa/public/uploads/all/W1rRtkWHTnkNN0jnAuIywKQzrarvM4UPHCeopYq3.png]
[learn.supporthives.com/monkvyasa/blog/monthly-capricorn-horoscope.html]
[learn.supporthives.com/monkvyasa/blog4315.html]
[learn.supporthives.com/monkvyasa/public/uploads/all/L5Y4zfrNvkFCc32MnBJXSx99e7bxw6SvDhqhj1nk.png]
[learn.supporthives.com/monkvyasa/blog/animals-and-astrology.html]
[learn.supporthives.com/monkvyasa/blogf24c.html]
[learn.supporthives.com/monkvyasa/public/uploads/all/l0zLxLto8LgNZQYY4j28Kby107APgIGkW0w3mSpM.png]
[learn.supporthives.com/monkvyasa/blog/monthly-libra-horoscope-.html]
[learn.supporthives.com/monkvyasa/blog643a.html]
[learn.supporthives.com/monkvyasa/public/uploads/all/ZSLUPXbvXAPX4Pm9eloNpurYoB0hMh198N0Q8tZ3.png]
[learn.supporthives.com/monkvyasa/blog/the-power-of-gemstones.html]
[learn.supporthives.com/monkvyasa/blog1484.html]
[learn.supporthives.com/monkvyasa/public/uploads/all/uFJ6FF2WH51H7JS5bqjj4mM36nfcgWqzJs6Wgt9L.png]
[learn.supporthives.com/monkvyasa/blog/monthly-taurus-horoscope.html]
[learn.supporthives.com/monkvyasa/blog47af.html]
[learn.supporthives.com/monkvyasa/public/uploads/all/R2uRu7Q25J2H9TTIYbGj4YGThjQdWumnhDDnruIc.png]
[learn.supporthives.com/monkvyasa/blog/how-the-full-moon-can-affect-you.html]
[learn.supporthives.com/monkvyasa/blog3c9a.html]
[learn.supporthives.com/monkvyasa/public/uploads/all/NOWm9bvUzJ9zcUWg8YliLl73DbMzGxMk67px0E8N.png]
[learn.supporthives.com/monkvyasa/blog/monthly-scorpio-horoscope.html]
[learn.supporthives.com/monkvyasa/blogead6.html]
[learn.supporthives.com/monkvyasa/public/uploads/all/ESOekhvtujKrEMADhwCS5GqdZhblEHecsBoOTbDz.png]
[learn.supporthives.com/monkvyasa/blog/how-does-palm-reading-work.html]
[learn.supporthives.com/monkvyasa/blog70e5.html]
[learn.supporthives.com/monkvyasa/public/uploads/all/MVnu0kR24IorHxx3gOkHcatcnzitFZ2zFhzWs59X.png]
[learn.supporthives.com/monkvyasa/blog/monthly-gemini-horoscope.html]
[learn.supporthives.com/monkvyasa/blog9285.html]
[learn.supporthives.com/monkvyasa/public/uploads/all/9kgt0995Fi79zK7svXWTJsfZiXYnWyIKkx2n6JRP.png]
[learn.supporthives.com/monkvyasa/blog/three-ways-tarot-card-readings-could-help-you-.html]
[learn.supporthives.com/monkvyasa/blog082d.html]
[learn.supporthives.com/monkvyasa/public/uploads/all/4sMJjkS4pvbhulhCFn8x2NSTBd5jCTJCFpXru85c.png]
[learn.supporthives.com/monkvyasa/blog/monthly-virgo-horoscope.html]
[learn.supporthives.com/monkvyasa/public/assets/monk-vyasa/img/testmoninal-start.svg]
[learn.supporthives.com/monkvyasa/public/assets/monk-vyasa/img/logo_footer.svg]
[learn.supporthives.com/monkvyasa/public/assets/monk-vyasa/img/footer_divider.svg]
[learn.supporthives.com/monkvyasa/terms.html]
[learn.supporthives.com/monkvyasa/privacypolicy.html]
[learn.supporthives.com/monkvyasa/category/nav-element-list.html]
[learn.supporthives.com/monkvyasa/language.html]
[learn.supporthives.com/monkvyasa/currency.html]
[learn.supporthives.com/monkvyasa/ajax-search.html]
[learn.supporthives.com/monkvyasa/cart/removeFromCart.html]
[learn.supporthives.com/monkvyasa/compare/addToCompare.html]
[learn.supporthives.com/monkvyasa/cart/show-cart-modal.html]
[learn.supporthives.com/monkvyasa/cart/updateQuantity]
[learn.supporthives.com/monkvyasa/cart.html]
[learn.supporthives.com/monkvyasa/request/astrodetails.html]
[learn.supporthives.com/monkvyasa/request/call.html]
[learn.supporthives.com/monkvyasa/request/book_report.html]
[learn.supporthives.com/monkvyasa/public/assets/astro/images/avatar/dr-pooja-bhatia.jpg]
[learn.supporthives.com/monkvyasa/public/assets/astro/images/avatar/Anamika61de9vjpeg.jpg]
[learn.supporthives.com/monkvyasa/public/assets/astro/images/avatar/premkumar.jpg]
[learn.supporthives.com/monkvyasa/public/assets/astro/images/avatar/manish-kumar-1504166496.jpg]
[learn.supporthives.com/monkvyasa/public/assets/astro/images/avatar/reema-comar.jpg]
[learn.supporthives.com/monkvyasa/public/assets/astro/images/avatar/acharya.jpg]
[learn.supporthives.com/monkvyasa/public/assets/astro/images/avatar/pankhuri-1558116670.jpg]
[learn.supporthives.com/monkvyasa/public/assets/astro/images/avatar/mystic-sonal1.jpg]
[learn.supporthives.com/monkvyasa/public/assets/astro/images/avatar/jyoti.png]
[learn.supporthives.com/monkvyasa/public/assets/astro/images/avatar/rishi-parashar.jpg]
[learn.supporthives.com/monkvyasa/public/assets/astro/images/avatar/ved-guru.png]
[learn.supporthives.com/monkvyasa/public/assets/astro/images/avatar/monkvyasa1.png]
[learn.supporthives.com/monkvyasa/astrologers2679.html]
[learn.supporthives.com/monkvyasa/astrologers4658.html]
[learn.supporthives.com/monkvyasa/public/assets/astro/images/avatar/shriyam.jpg]
[learn.supporthives.com/monkvyasa/public/assets/astro/images/avatar/akshay-singh1.jpg]
[learn.supporthives.com/monkvyasa/public/assets/astro/images/avatar/atul.jpg]
[learn.supporthives.com/monkvyasa/public/assets/astro/images/avatar/astro.png]
[learn.supporthives.com/monkvyasa/public/assets/astro/images/avatar/erjayanta-kumar.jpg]
[learn.supporthives.com/monkvyasa/public/assets/astro/images/avatar/ashish.jpg]
[learn.supporthives.com/monkvyasa/public/assets/astro/images/avatar/ravi.png]
[learn.supporthives.com/monkvyasa/public/assets/astro/images/avatar/dinesh.jpg]
[learn.supporthives.com/monkvyasa/public/assets/astro/images/avatar/rajeev.jpg]
[learn.supporthives.com/monkvyasa/public/assets/astro/images/avatar/jyoti-roy.png]
[learn.supporthives.com/monkvyasa/public/assets/astro/images/avatar/chetan-bhanot.jpg]
[learn.supporthives.com/monkvyasa/public/assets/astro/images/avatar/rashi.jpg]
[learn.supporthives.com/monkvyasa/astrologers9ba9.html]
[learn.supporthives.com/monkvyasa/public/assets/astro/images/avatar/panchasree1.jpg]
[learn.supporthives.com/monkvyasa/astrologersfdb0.html]
[learn.supporthives.com/monkvyasa/request/chat.html]
[learn.supporthives.com/monkvyasa/users/index.html]
[learn.supporthives.com/monkvyasa/password/index.html]
[learn.supporthives.com/monkvyasa/password/reset.html]
[learn.supporthives.com/monkvyasa/public/assets/monk-vyasa/img/black-moon-left.svg]
[learn.supporthives.com/monkvyasa/public/assets/monk-vyasa/img/black-moon-right.svg]
[learn.supporthives.com/monkvyasa/public/assets/fonts/la-brands-400.svg]
[learn.supporthives.com/monkvyasa/public/assets/fonts/la-regular-400.svg]
[learn.supporthives.com/monkvyasa/public/assets/fonts/la-solid-900.svg]
[learn.supporthives.com/monkvyasa/public/assets/monk-vyasa/fonts/Tahu!.html]
[learn.supporthives.com/monkvyasa/public/assets/monk-vyasa/fonts/Butler_Medium.html]
[learn.supporthives.com/monkvyasa/public/assets/monk-vyasa/fonts/Butler_Light.html]
[learn.supporthives.com/monkvyasa/public/assets/monk-vyasa/fonts/Butler_Black.html]
[learn.supporthives.com/monkvyasa/public/assets/monk-vyasa/fonts/Butler_Bold.html]
[learn.supporthives.com/monkvyasa/public/assets/monk-vyasa/img/white-select-icon.svg]
[learn.supporthives.com/monkvyasa/public/assets/monk-vyasa/img/search-icon.svg]
[learn.supporthives.com/monkvyasa/public/assets/monk-vyasa/img/black-select-icon.svg]
[learn.supporthives.com/monkvyasa/blogd57f.html]
[unpkg.com/flickity@2.3.0/dist/flickity.min.css]
[learn.supporthives.com/monkvyasa/blog469d.html]
[learn.supporthives.com/monkvyasa/blog4315.html]
[learn.supporthives.com/monkvyasa/blogf24c.html]
[learn.supporthives.com/monkvyasa/blog643a.html]
[learn.supporthives.com/monkvyasa/blog1484.html]
[learn.supporthives.com/monkvyasa/blog47af.html]
[learn.supporthives.com/monkvyasa/blog3c9a.html]
[learn.supporthives.com/monkvyasa/blogead6.html]
[learn.supporthives.com/monkvyasa/blog70e5.html]
[learn.supporthives.com/monkvyasa/blog9285.html]
[learn.supporthives.com/monkvyasa/blog082d.html]
[learn.supporthives.com/monkvyasa/cart/updateQuantity.html]
[learn.supporthives.com/monkvyasa/astrologers2679.html]
[learn.supporthives.com/monkvyasa/public/assets/astro/images/avatar/index.html]
[learn.supporthives.com/monkvyasa/password/index.html]
[learn.supporthives.com/monkvyasa/blog/index.html]
[learn.supporthives.com/monkvyasa/blog/index.html]
[learn.supporthives.com/monkvyasa/blog/index.html]
